Copyright 1986-2019 Xilinx, Inc. All Rights Reserved.
-------------------------------------------------------------------------------------------------------------------------------------------------------------------------------------------------------------------------------------------------------
| Tool Version : Vivado v.2019.2 (lin64) Build 2700185 Thu Oct 24 18:45:48 MDT 2019
| Date         : Thu Apr 30 00:31:54 2020
| Host         : ip-172-31-65-214.ec2.internal running 64-bit CentOS Linux release 7.7.1908 (Core)
| Command      : report_accelerator_utilization -kernels { bxy_ur_16_opt_kernel_bxy_ur_16_opt_kernel:WRAPPER_INST/CL/bxy_ur_16_opt_kernel_1/inst:bxy_ur_16_opt_kernel_1} -file ../../../output/kernel_util_synthed.rpt -name kernel_util_synthed -json
| Design       : top_sp
| Device       : xcvu9p
| Design State : Synthesized
-------------------------------------------------------------------------------------------------------------------------------------------------------------------------------------------------------------------------------------------------------

Accelerator Utilization Design Information

Table of Contents
-----------------
1. System Utilization

1. System Utilization
---------------------

+-------------------------------------------+------------------+------------------+-------------------+----------------+---------------+----------------+
| Name                                      | LUT              | LUTAsMem         | REG               | BRAM           | URAM          | DSP            |
+-------------------------------------------+------------------+------------------+-------------------+----------------+---------------+----------------+
| Platform                                  | 192778 [ 16.31%] |  20657 [  3.49%] |  241350 [ 10.21%] |  214 [  9.91%] |  43 [  4.48%] |    3 [  0.04%] |
| User Budget                               | 988990 [100.00%] | 571183 [100.00%] | 2122186 [100.00%] | 1946 [100.00%] | 917 [100.00%] | 6837 [100.00%] |
|    Used Resources                         |  11305 [  1.14%] |   3689 [  0.65%] |   11199 [  0.53%] |   32 [  1.64%] |   0 [  0.00%] |   32 [  0.47%] |
|    Unused Resources                       | 977685 [ 98.86%] | 567494 [ 99.35%] | 2110987 [ 99.47%] | 1914 [ 98.36%] | 917 [100.00%] | 6805 [ 99.53%] |
| bxy_ur_16_opt_kernel_bxy_ur_16_opt_kernel |  11305 [  1.14%] |   3689 [  0.65%] |   11199 [  0.53%] |   32 [  1.64%] |   0 [  0.00%] |   32 [  0.47%] |
|    bxy_ur_16_opt_kernel_1                 |  11305 [  1.14%] |   3689 [  0.65%] |   11199 [  0.53%] |   32 [  1.64%] |   0 [  0.00%] |   32 [  0.47%] |
+-------------------------------------------+------------------+------------------+-------------------+----------------+---------------+----------------+


