Copyright 1986-2019 Xilinx, Inc. All Rights Reserved.
-----------------------------------------------------------------------------------------------------------------------------------------------------------------------------------------------------------------------------------------------------
| Tool Version : Vivado v.2019.2 (lin64) Build 2700185 Thu Oct 24 18:45:48 MDT 2019
| Date         : Thu Apr 30 01:04:01 2020
| Host         : ip-172-31-65-214.ec2.internal running 64-bit CentOS Linux release 7.7.1908 (Core)
| Command      : report_accelerator_utilization -kernels { bxy_ur_16_opt_kernel_bxy_ur_16_opt_kernel:WRAPPER_INST/CL/bxy_ur_16_opt_kernel_1/inst:bxy_ur_16_opt_kernel_1} -file ../../../output/kernel_util_placed.rpt -name kernel_util_placed -json
| Design       : top_sp
| Device       : xcvu9p
| Design State : Fully Placed
-----------------------------------------------------------------------------------------------------------------------------------------------------------------------------------------------------------------------------------------------------

Accelerator Utilization Design Information

Table of Contents
-----------------
1. System Utilization

1. System Utilization
---------------------

+-------------------------------------------+-------------------+------------------+-------------------+----------------+---------------+----------------+
| Name                                      | LUT               | LUTAsMem         | REG               | BRAM           | URAM          | DSP            |
+-------------------------------------------+-------------------+------------------+-------------------+----------------+---------------+----------------+
| Platform                                  |  169600 [ 14.35%] |  18153 [  3.07%] |  235046 [  9.94%] |  214 [  9.91%] |  43 [  4.48%] |    3 [  0.04%] |
| User Budget                               | 1012168 [100.00%] | 573687 [100.00%] | 2128490 [100.00%] | 1946 [100.00%] | 917 [100.00%] | 6837 [100.00%] |
|    Used Resources                         |   10752 [  1.06%] |   3357 [  0.59%] |   11098 [  0.52%] |   32 [  1.64%] |   0 [  0.00%] |   32 [  0.47%] |
|    Unused Resources                       | 1001416 [ 98.94%] | 570330 [ 99.41%] | 2117392 [ 99.48%] | 1914 [ 98.36%] | 917 [100.00%] | 6805 [ 99.53%] |
| bxy_ur_16_opt_kernel_bxy_ur_16_opt_kernel |   10752 [  1.06%] |   3357 [  0.59%] |   11098 [  0.52%] |   32 [  1.64%] |   0 [  0.00%] |   32 [  0.47%] |
|    bxy_ur_16_opt_kernel_1                 |   10752 [  1.06%] |   3357 [  0.59%] |   11098 [  0.52%] |   32 [  1.64%] |   0 [  0.00%] |   32 [  0.47%] |
+-------------------------------------------+-------------------+------------------+-------------------+----------------+---------------+----------------+


