Copyright 1986-2019 Xilinx, Inc. All Rights Reserved.
-------------------------------------------------------------------------------------------------------------------------------------------------------------------------------------------------------------------------------------------------
| Tool Version : Vivado v.2019.2 (lin64) Build 2700185 Thu Oct 24 18:45:48 MDT 2019
| Date         : Wed Apr 29 04:55:15 2020
| Host         : ip-172-31-28-70.ec2.internal running 64-bit CentOS Linux release 7.7.1908 (Core)
| Command      : report_accelerator_utilization -kernels { bxy_ur_2_opt_kernel_bxy_ur_2_opt_kernel:WRAPPER_INST/CL/bxy_ur_2_opt_kernel_1/inst:bxy_ur_2_opt_kernel_1} -file ../../../output/kernel_util_placed.rpt -name kernel_util_placed -json
| Design       : top_sp
| Device       : xcvu9p
| Design State : Fully Placed
-------------------------------------------------------------------------------------------------------------------------------------------------------------------------------------------------------------------------------------------------

Accelerator Utilization Design Information

Table of Contents
-----------------
1. System Utilization

1. System Utilization
---------------------

+-----------------------------------------+-------------------+------------------+-------------------+----------------+---------------+----------------+
| Name                                    | LUT               | LUTAsMem         | REG               | BRAM           | URAM          | DSP            |
+-----------------------------------------+-------------------+------------------+-------------------+----------------+---------------+----------------+
| Platform                                |  169178 [ 14.32%] |  18164 [  3.07%] |  234147 [  9.91%] |  214 [  9.91%] |  43 [  4.48%] |    3 [  0.04%] |
| User Budget                             | 1012590 [100.00%] | 573676 [100.00%] | 2129389 [100.00%] | 1946 [100.00%] | 917 [100.00%] | 6837 [100.00%] |
|    Used Resources                       |    2888 [  0.29%] |    617 [  0.11%] |    3447 [  0.16%] |    4 [  0.21%] |   0 [  0.00%] |    4 [  0.06%] |
|    Unused Resources                     | 1009702 [ 99.71%] | 573059 [ 99.89%] | 2125942 [ 99.84%] | 1942 [ 99.79%] | 917 [100.00%] | 6833 [ 99.94%] |
| bxy_ur_2_opt_kernel_bxy_ur_2_opt_kernel |    2888 [  0.29%] |    617 [  0.11%] |    3447 [  0.16%] |    4 [  0.21%] |   0 [  0.00%] |    4 [  0.06%] |
|    bxy_ur_2_opt_kernel_1                |    2888 [  0.29%] |    617 [  0.11%] |    3447 [  0.16%] |    4 [  0.21%] |   0 [  0.00%] |    4 [  0.06%] |
+-----------------------------------------+-------------------+------------------+-------------------+----------------+---------------+----------------+


